
> future-smile-clinic@1.0.0 build
> next build

  Ôû▓ Next.js 14.2.35
  - Environments: .env.local, .env.production

   Creating an optimized production build ...
 Ô£ô Compiled successfully
   Linting and checking validity of types ...

./src/app/dashboard/analytics/page.tsx
56:22  Warning: The ref value 'lineChartRef.current' will likely have changed by the time this effect cleanup function runs. If this ref points to a node rendered by React, copy 'lineChartRef.current' to a variable inside the effect, and use that variable in the cleanup function.  react-hooks/exhaustive-deps
59:21  Warning: The ref value 'barChartRef.current' will likely have changed by the time this effect cleanup function runs. If this ref points to a node rendered by React, copy 'barChartRef.current' to a variable inside the effect, and use that variable in the cleanup function.  react-hooks/exhaustive-deps
62:26  Warning: The ref value 'doughnutChartRef.current' will likely have changed by the time this effect cleanup function runs. If this ref points to a node rendered by React, copy 'doughnutChartRef.current' to a variable inside the effect, and use that variable in the cleanup function.  react-hooks/exhaustive-deps

./src/app/dashboard/page.tsx
129:22  Warning: The ref value 'lineChartRef.current' will likely have changed by the time this effect cleanup function runs. If this ref points to a node rendered by React, copy 'lineChartRef.current' to a variable inside the effect, and use that variable in the cleanup function.  react-hooks/exhaustive-deps
132:21  Warning: The ref value 'barChartRef.current' will likely have changed by the time this effect cleanup function runs. If this ref points to a node rendered by React, copy 'barChartRef.current' to a variable inside the effect, and use that variable in the cleanup function.  react-hooks/exhaustive-deps

info  - Need to disable some ESLint rules? Learn more here: https://nextjs.org/docs/basic-features/eslint#disabling-rules
   Collecting page data ...
   Generating static pages (0/20) ...
   Generating static pages (5/20) 
   Generating static pages (10/20) 
   Generating static pages (15/20) 
 Ô£ô Generating static pages (20/20)
   Finalizing page optimization ...
   Collecting build traces ...

Route (app)                              Size     First Load JS
Ôöî Ôùï /                                    4.08 kB         152 kB
Ôö£ Ôùï /_not-found                          138 B          87.3 kB
Ôö£ Ôùï /about                               2.41 kB         141 kB
Ôö£ Ôùï /appointment                         3.71 kB         143 kB
Ôö£ Ôùï /blog                                2.33 kB         150 kB
Ôö£ ãÆ /blog/[id]                           2.69 kB         150 kB
Ôö£ Ôùï /contact                             3.31 kB         142 kB
Ôö£ Ôùï /dashboard                           3.48 kB         204 kB
Ôö£ Ôùï /dashboard/analytics                 2.73 kB         203 kB
Ôö£ Ôùï /dashboard/appointments              2.99 kB         142 kB
Ôö£ Ôùï /dashboard/blog                      2.98 kB         142 kB
Ôö£ Ôùï /dashboard/patients                  3.24 kB         142 kB
Ôö£ Ôùï /dashboard/services                  2.92 kB         142 kB
Ôö£ Ôùï /dashboard/testimonials              2.79 kB         141 kB
Ôö£ Ôùï /gallery                             2.12 kB         141 kB
Ôö£ Ôùï /login                               2.36 kB         141 kB
Ôö£ Ôùï /robots.txt                          0 B                0 B
Ôö£ Ôùï /services                            5.46 kB         144 kB
Ôöö ãÆ /sitemap.xml                         0 B                0 B
+ First Load JS shared by all            87.2 kB
  Ôö£ chunks/117-6eaa7dae62229340.js       31.7 kB
  Ôö£ chunks/fd9d1056-bb367eba3fb38883.js  53.6 kB
  Ôöö other shared chunks (total)          1.89 kB


ãÆ Middleware                             26.5 kB

Ôùï  (Static)   prerendered as static content
ãÆ  (Dynamic)  server-rendered on demand

